backend: 'c'
file: simple.ving
