Hello from Englist FS!