---
source: crates/vinglish/tests/ui_test_runner.rs
expression: combined
---

error[P0001]: expected `be`, found `:` at 31..32
  --> $DIR/type_error.ving:3:10
  |
3 |     let x: number be "this is a string"
  |          ^

error[P0001]: invalid expression at 31..32
  --> $DIR/type_error.ving:3:10
  |
3 |     let x: number be "this is a string"
  |          ^

error[P0001]: invalid expression at 31..32
  --> $DIR/type_error.ving:3:10
  |
3 |     let x: number be "this is a string"
  |          ^

Parse errors in module 'main'
